# serializer version: 1
# name: test_current_ma_registry_is_capability_classified_or_explicitly_denied
  dict({
    'audio_analysis/coverage': list([
      'system:admin',
    ]),
    'audio_analysis/failures': list([
      'system:admin',
    ]),
    'audio_analysis/failures/clear': list([
      'system:admin',
    ]),
    'audio_analysis/wave_form': list([
      'system:admin',
    ]),
    'auth/join_code/revoke': 'hard-denied',
    'auth/join_codes': 'hard-denied',
    'auth/logout': 'hard-denied',
    'auth/me': 'hard-denied',
    'auth/scopes': 'hard-denied',
    'auth/token/create': 'hard-denied',
    'auth/token/revoke': 'hard-denied',
    'auth/tokens': 'hard-denied',
    'auth/user': 'hard-denied',
    'auth/user/create': 'hard-denied',
    'auth/user/delete': 'hard-denied',
    'auth/user/disable': 'hard-denied',
    'auth/user/enable': 'hard-denied',
    'auth/user/providers': 'hard-denied',
    'auth/user/unlink_provider': 'hard-denied',
    'auth/user/update': 'hard-denied',
    'auth/users': 'hard-denied',
    'config/core': list([
      'config:read',
    ]),
    'config/core/get': list([
      'config:read',
    ]),
    'config/core/get_entries': list([
      'config:read',
    ]),
    'config/core/get_value': list([
      'config:read',
    ]),
    'config/core/invoke_action': list([
      'config:write:core',
    ]),
    'config/core/save': list([
      'config:write:core',
    ]),
    'config/dsp_irs/list': list([
      'config:read',
    ]),
    'config/dsp_irs/remove': list([
      'config:write:player',
    ]),
    'config/dsp_irs/upload': list([
      'config:write:player',
    ]),
    'config/dsp_presets/get': list([
      'config:read',
    ]),
    'config/dsp_presets/remove': list([
      'config:write:player',
    ]),
    'config/dsp_presets/save': list([
      'config:write:player',
    ]),
    'config/flows/abort': list([
      'config:write:player',
      'config:write:provider',
    ]),
    'config/flows/get': list([
      'config:read',
    ]),
    'config/flows/submit': list([
      'config:write:player',
      'config:write:provider',
    ]),
    'config/player_queues': list([
      'config:read',
    ]),
    'config/player_queues/get': list([
      'config:read',
    ]),
    'config/player_queues/get_entries': list([
      'config:read',
    ]),
    'config/player_queues/get_value': list([
      'config:read',
    ]),
    'config/player_queues/save': list([
      'config:write:player',
    ]),
    'config/players': list([
      'config:read',
    ]),
    'config/players/dsp/apply_preset': list([
      'config:write:player',
    ]),
    'config/players/dsp/get': list([
      'config:read',
    ]),
    'config/players/dsp/save': list([
      'config:write:player',
    ]),
    'config/players/get': list([
      'config:read',
    ]),
    'config/players/get_entries': list([
      'config:read',
    ]),
    'config/players/get_value': list([
      'config:read',
    ]),
    'config/players/invoke_action': list([
      'config:write:player',
    ]),
    'config/players/remove': list([
      'config:write:player',
    ]),
    'config/players/save': list([
      'config:write:player',
    ]),
    'config/players/setup': list([
      'config:write:player',
    ]),
    'config/providers': list([
      'config:read',
    ]),
    'config/providers/get': list([
      'config:read',
    ]),
    'config/providers/get_entries': list([
      'config:read',
    ]),
    'config/providers/get_value': list([
      'config:read',
    ]),
    'config/providers/invoke_action': list([
      'config:write:provider',
    ]),
    'config/providers/reconfigure': list([
      'config:write:provider',
    ]),
    'config/providers/reload': list([
      'config:write:provider',
    ]),
    'config/providers/remove': list([
      'config:write:provider',
    ]),
    'config/providers/save': list([
      'config:write:provider',
    ]),
    'config/providers/setup': list([
      'config:write:provider',
    ]),
    'dashboard/dashboards': list([
      'system:admin',
    ]),
    'dashboard/get_url': list([
      'system:admin',
    ]),
    'dashboard/hide': list([
      'system:admin',
    ]),
    'dashboard/register': 'hard-denied',
    'dashboard/sessions': list([
      'system:admin',
    ]),
    'dashboard/show': list([
      'system:admin',
    ]),
    'dashboard/unregister': 'hard-denied',
    'diagnostics/get': list([
      'debug:inspect',
    ]),
    'info': list([
      'system:admin',
    ]),
    'logging/get': list([
      'system:admin',
    ]),
    'metadata/get_image_palette': list([
      'query:metadata',
    ]),
    'metadata/get_track_lyrics': list([
      'query:metadata',
    ]),
    'metadata/set_default_preferred_language': list([
      'config:write:core',
    ]),
    'metadata/set_preferred_language': list([
      'edit:library',
    ]),
    'metadata/update_metadata': list([
      'edit:library',
    ]),
    'music/add_provider_mapping': list([
      'edit:library',
    ]),
    'music/albums/album_tracks': list([
      'query:library',
    ]),
    'music/albums/album_versions': list([
      'query:library',
    ]),
    'music/albums/count': list([
      'query:library',
    ]),
    'music/albums/get': list([
      'query:library',
    ]),
    'music/albums/get_album': list([
      'query:library',
    ]),
    'music/albums/get_by_external_id': list([
      'query:library',
    ]),
    'music/albums/get_collection': list([
      'query:library',
    ]),
    'music/albums/library_items': list([
      'query:library',
    ]),
    'music/albums/remove': list([
      'delete:library',
    ]),
    'music/albums/update': list([
      'edit:library',
    ]),
    'music/artists/artist_albums': list([
      'query:library',
    ]),
    'music/artists/artist_audiobooks': list([
      'query:library',
    ]),
    'music/artists/artist_tracks': list([
      'query:library',
    ]),
    'music/artists/count': list([
      'query:library',
    ]),
    'music/artists/get': list([
      'query:library',
    ]),
    'music/artists/get_artist': list([
      'query:library',
    ]),
    'music/artists/get_by_external_id': list([
      'query:library',
    ]),
    'music/artists/get_collection': list([
      'query:library',
    ]),
    'music/artists/library_artist_types': list([
      'query:library',
    ]),
    'music/artists/library_items': list([
      'query:library',
    ]),
    'music/artists/remove': list([
      'delete:library',
    ]),
    'music/artists/similar_artists': list([
      'query:library',
    ]),
    'music/artists/top_albums': list([
      'query:library',
    ]),
    'music/artists/top_tracks': list([
      'query:library',
    ]),
    'music/artists/update': list([
      'edit:library',
    ]),
    'music/audiobooks/audiobook_versions': list([
      'query:library',
    ]),
    'music/audiobooks/count': list([
      'query:library',
    ]),
    'music/audiobooks/get': list([
      'query:library',
    ]),
    'music/audiobooks/get_audiobook': list([
      'query:library',
    ]),
    'music/audiobooks/get_by_external_id': list([
      'query:library',
    ]),
    'music/audiobooks/get_collection': list([
      'query:library',
    ]),
    'music/audiobooks/library_items': list([
      'query:library',
    ]),
    'music/audiobooks/remove': list([
      'delete:library',
    ]),
    'music/audiobooks/update': list([
      'edit:library',
    ]),
    'music/browse': list([
      'query:library',
    ]),
    'music/favorites/add_item': list([
      'edit:favorites',
    ]),
    'music/favorites/remove_item': list([
      'delete:favorites',
    ]),
    'music/genres/add': list([
      'edit:library',
    ]),
    'music/genres/add_alias': list([
      'edit:library',
    ]),
    'music/genres/add_media_mapping': list([
      'edit:library',
    ]),
    'music/genres/albums': list([
      'query:library',
    ]),
    'music/genres/count': list([
      'query:library',
    ]),
    'music/genres/exclude_genre_from_media_item': list([
      'edit:library',
    ]),
    'music/genres/genre_exclusions_for_media_item': list([
      'query:library',
    ]),
    'music/genres/genres_for_media_item': list([
      'query:library',
    ]),
    'music/genres/get': list([
      'query:library',
    ]),
    'music/genres/get_by_external_id': list([
      'query:library',
    ]),
    'music/genres/get_collection': list([
      'query:library',
    ]),
    'music/genres/get_genre': list([
      'query:library',
    ]),
    'music/genres/global_exclusions': list([
      'query:library',
    ]),
    'music/genres/library_items': list([
      'query:library',
    ]),
    'music/genres/media_counts': list([
      'query:library',
    ]),
    'music/genres/merge': list([
      'edit:library',
    ]),
    'music/genres/overview': list([
      'query:library',
    ]),
    'music/genres/promote_alias': list([
      'edit:library',
    ]),
    'music/genres/remove': list([
      'delete:library',
    ]),
    'music/genres/remove_alias': list([
      'delete:library',
    ]),
    'music/genres/remove_genre_exclusion': list([
      'delete:library',
    ]),
    'music/genres/remove_global_exclusion': list([
      'delete:library',
    ]),
    'music/genres/remove_media_mapping': list([
      'delete:library',
    ]),
    'music/genres/restore_defaults': list([
      'edit:library',
    ]),
    'music/genres/scan_mappings': list([
      'edit:library',
    ]),
    'music/genres/scanner_status': list([
      'query:library',
    ]),
    'music/genres/tracks': list([
      'query:library',
    ]),
    'music/genres/update': list([
      'edit:library',
    ]),
    'music/get_library_item': list([
      'query:library',
    ]),
    'music/in_progress_items': list([
      'query:library',
    ]),
    'music/item': list([
      'query:library',
    ]),
    'music/item_by_name': list([
      'query:library',
    ]),
    'music/item_by_uri': list([
      'query:library',
    ]),
    'music/library/add_item': list([
      'edit:library',
    ]),
    'music/library/remove_item': list([
      'delete:library',
    ]),
    'music/mark_played': list([
      'control:media',
    ]),
    'music/mark_unplayed': list([
      'control:media',
    ]),
    'music/match_providers': list([
      'edit:library',
    ]),
    'music/playlists/add_playlist_tracks': list([
      'edit:playlists',
    ]),
    'music/playlists/count': list([
      'query:library',
    ]),
    'music/playlists/create_playlist': list([
      'edit:playlists',
    ]),
    'music/playlists/export_playlist': list([
      'query:library',
    ]),
    'music/playlists/get': list([
      'query:library',
    ]),
    'music/playlists/get_by_external_id': list([
      'query:library',
    ]),
    'music/playlists/get_collection': list([
      'query:library',
    ]),
    'music/playlists/get_playlist': list([
      'query:library',
    ]),
    'music/playlists/import_playlist': list([
      'edit:playlists',
    ]),
    'music/playlists/library_items': list([
      'query:library',
    ]),
    'music/playlists/playlist_tracks': list([
      'query:library',
    ]),
    'music/playlists/remove': list([
      'delete:playlists',
    ]),
    'music/playlists/remove_playlist_tracks': list([
      'delete:playlists',
    ]),
    'music/playlists/update': list([
      'edit:playlists',
    ]),
    'music/podcasts/count': list([
      'query:library',
    ]),
    'music/podcasts/get': list([
      'query:library',
    ]),
    'music/podcasts/get_by_external_id': list([
      'query:library',
    ]),
    'music/podcasts/get_collection': list([
      'query:library',
    ]),
    'music/podcasts/get_podcast': list([
      'query:library',
    ]),
    'music/podcasts/library_items': list([
      'query:library',
    ]),
    'music/podcasts/podcast_episode': list([
      'query:library',
    ]),
    'music/podcasts/podcast_episodes': list([
      'query:library',
    ]),
    'music/podcasts/podcast_versions': list([
      'query:library',
    ]),
    'music/podcasts/remove': list([
      'delete:library',
    ]),
    'music/podcasts/update': list([
      'edit:library',
    ]),
    'music/radios/count': list([
      'query:library',
    ]),
    'music/radios/export_radios': list([
      'query:library',
    ]),
    'music/radios/get': list([
      'query:library',
    ]),
    'music/radios/get_by_external_id': list([
      'query:library',
    ]),
    'music/radios/get_collection': list([
      'query:library',
    ]),
    'music/radios/get_radio': list([
      'query:library',
    ]),
    'music/radios/import_radios': list([
      'edit:library',
    ]),
    'music/radios/library_items': list([
      'query:library',
    ]),
    'music/radios/radio_tracks': list([
      'query:library',
    ]),
    'music/radios/radio_versions': list([
      'query:library',
    ]),
    'music/radios/remove': list([
      'delete:library',
    ]),
    'music/radios/update': list([
      'edit:library',
    ]),
    'music/recently_added_tracks': list([
      'query:library',
    ]),
    'music/recently_played_items': list([
      'query:library',
    ]),
    'music/recommendations': list([
      'query:library',
    ]),
    'music/recommendations/items': list([
      'query:library',
    ]),
    'music/refresh_item': list([
      'edit:library',
    ]),
    'music/remove_provider_mapping': list([
      'delete:library',
    ]),
    'music/search': list([
      'query:library',
    ]),
    'music/sound_effects': list([
      'query:library',
    ]),
    'music/sync': list([
      'edit:library',
    ]),
    'music/track_by_name': list([
      'query:library',
    ]),
    'music/tracks/count': list([
      'query:library',
    ]),
    'music/tracks/get': list([
      'query:library',
    ]),
    'music/tracks/get_by_external_id': list([
      'query:library',
    ]),
    'music/tracks/get_collection': list([
      'query:library',
    ]),
    'music/tracks/get_track': list([
      'query:library',
    ]),
    'music/tracks/library_items': list([
      'query:library',
    ]),
    'music/tracks/preview': 'hard-denied',
    'music/tracks/remove': list([
      'delete:library',
    ]),
    'music/tracks/similar_tracks': list([
      'query:library',
    ]),
    'music/tracks/track_albums': list([
      'query:library',
    ]),
    'music/tracks/track_versions': list([
      'query:library',
    ]),
    'music/tracks/update': list([
      'edit:library',
    ]),
    'music/verify_item_uri': list([
      'query:library',
    ]),
    'player_queues/all': list([
      'query:queue',
    ]),
    'player_queues/autoplay': list([
      'control:playback',
    ]),
    'player_queues/clear': list([
      'delete:queue',
    ]),
    'player_queues/crossfade': list([
      'control:playback',
    ]),
    'player_queues/delete_item': list([
      'delete:queue',
    ]),
    'player_queues/dont_stop_the_music': list([
      'control:playback',
    ]),
    'player_queues/get': list([
      'query:queue',
    ]),
    'player_queues/get_active_queue': list([
      'query:queue',
    ]),
    'player_queues/items': list([
      'query:queue',
    ]),
    'player_queues/move_item': list([
      'edit:queue',
    ]),
    'player_queues/move_item_end': list([
      'edit:queue',
    ]),
    'player_queues/next': list([
      'control:playback',
    ]),
    'player_queues/overlay': list([
      'control:playback',
    ]),
    'player_queues/pause': list([
      'control:playback',
    ]),
    'player_queues/play': list([
      'control:playback',
    ]),
    'player_queues/play_index': list([
      'control:playback',
    ]),
    'player_queues/play_media': list([
      'control:playback',
    ]),
    'player_queues/play_pause': list([
      'control:playback',
    ]),
    'player_queues/previous': list([
      'control:playback',
    ]),
    'player_queues/repeat': list([
      'control:playback',
    ]),
    'player_queues/resume': list([
      'control:playback',
    ]),
    'player_queues/save_as_playlist': list([
      'edit:playlists',
    ]),
    'player_queues/seek': list([
      'control:playback',
    ]),
    'player_queues/set_playback_speed': list([
      'control:playback',
    ]),
    'player_queues/shuffle': list([
      'control:playback',
    ]),
    'player_queues/skip': list([
      'control:playback',
    ]),
    'player_queues/stop': list([
      'control:playback',
    ]),
    'player_queues/transfer': list([
      'control:playback',
    ]),
    'players/add_currently_playing_to_favorites': list([
      'edit:favorites',
    ]),
    'players/all': list([
      'query:players',
    ]),
    'players/cmd/group': list([
      'control:players',
    ]),
    'players/cmd/group_many': list([
      'control:players',
    ]),
    'players/cmd/group_volume': list([
      'control:volume',
    ]),
    'players/cmd/group_volume_down': list([
      'control:volume',
    ]),
    'players/cmd/group_volume_mute': list([
      'control:volume',
    ]),
    'players/cmd/group_volume_up': list([
      'control:volume',
    ]),
    'players/cmd/next': list([
      'control:playback',
    ]),
    'players/cmd/pause': list([
      'control:playback',
    ]),
    'players/cmd/play': list([
      'control:playback',
    ]),
    'players/cmd/play_announcement': list([
      'control:media',
    ]),
    'players/cmd/play_pause': list([
      'control:playback',
    ]),
    'players/cmd/power': list([
      'control:players',
    ]),
    'players/cmd/previous': list([
      'control:playback',
    ]),
    'players/cmd/repeat': list([
      'control:playback',
    ]),
    'players/cmd/resume': list([
      'control:playback',
    ]),
    'players/cmd/seek': list([
      'control:playback',
    ]),
    'players/cmd/select_sound_mode': list([
      'control:players',
    ]),
    'players/cmd/select_source': list([
      'control:players',
    ]),
    'players/cmd/set_members': list([
      'control:players',
    ]),
    'players/cmd/set_option': list([
      'control:players',
    ]),
    'players/cmd/shuffle': list([
      'control:playback',
    ]),
    'players/cmd/stop': list([
      'control:playback',
    ]),
    'players/cmd/ungroup': list([
      'control:players',
    ]),
    'players/cmd/ungroup_many': list([
      'control:players',
    ]),
    'players/cmd/volume_down': list([
      'control:volume',
    ]),
    'players/cmd/volume_mute': list([
      'control:volume',
    ]),
    'players/cmd/volume_set': list([
      'control:volume',
    ]),
    'players/cmd/volume_up': list([
      'control:volume',
    ]),
    'players/create_group_player': list([
      'config:write:player',
    ]),
    'players/get': list([
      'query:players',
    ]),
    'players/get_by_name': list([
      'query:players',
    ]),
    'players/player_control': list([
      'query:players',
    ]),
    'players/player_controls': list([
      'query:players',
    ]),
    'players/remove': list([
      'config:write:player',
    ]),
    'players/remove_group_player': list([
      'config:write:player',
    ]),
    'players/sleep_timer/clear': list([
      'control:playback',
    ]),
    'players/sleep_timer/get': list([
      'query:players',
    ]),
    'players/sleep_timer/set': list([
      'control:playback',
    ]),
    'players/tts_engines': list([
      'query:players',
    ]),
    'providers': list([
      'debug:providers',
    ]),
    'providers/icon': list([
      'debug:providers',
    ]),
    'providers/manifests': list([
      'debug:providers',
    ]),
    'providers/manifests/get': list([
      'debug:providers',
    ]),
    'tasks/cancel': list([
      'system:admin',
    ]),
    'tasks/clear_finished': list([
      'system:admin',
    ]),
    'tasks/get': list([
      'system:admin',
    ]),
    'tasks/list': list([
      'system:admin',
    ]),
    'tasks/log': list([
      'system:admin',
    ]),
    'tasks/remove': list([
      'system:admin',
    ]),
    'tasks/retry': list([
      'system:admin',
    ]),
    'tasks/run': list([
      'system:admin',
    ]),
    'tasks/set_enabled': list([
      'system:admin',
    ]),
    'tasks/update_schedule': list([
      'system:admin',
    ]),
    'translations/locales': list([
      'system:admin',
    ]),
  })
# ---
